// Jest Snapshot v1, https://goo.gl/fbAQLP

exports[`statement should produce the correct statement for invoice 0 1`] = `
"Statement for BigCo
 Hamlet: $650.00 (55 seats)
 As You Like It: $580.00 (35 seats)
 Othello: $500.00 (40 seats)
Amount owed is $1,730.00
You earned 47 credits
"
`;

exports[`statement should throw an error on unknown play type 1`] = `"unknown type: my unknown play type"`;
